mysql> show databases;
+--------------------+
| Database           |
+--------------------+
| database1          |
| information_schema |
| mysql              |
| naveen             |
| performance_schema |
| sakila             |
| sys                |
| world              |
+--------------------+
8 rows in set (0.09 sec)

mysql> use mysql;
Database changed
mysql> create table student(
    -> Id int,
    -> StudentName varchar(100),
    -> Sage int
    -> )ENGINE=MyISAM;
Query OK, 0 rows affected (0.14 sec)

mysql> DESC student;
+-------------+--------------+------+-----+---------+-------+
| Field       | Type         | Null | Key | Default | Extra |
+-------------+--------------+------+-----+---------+-------+
| Id          | int          | YES  |     | NULL    |       |
| StudentName | varchar(100) | YES  |     | NULL    |       |
| Sage        | int          | YES  |     | NULL    |       |
+-------------+--------------+------+-----+---------+-------+
3 rows in set (0.01 sec)

mysql> SHOW TABLE STATUS FROM business LIKE 'student';
ERROR 1049 (42000): Unknown database 'business'
mysql> SHOW TABLE STATUS FROM naveen LIKE 'student';
Empty set (0.01 sec)

mysql> SELECT student,
    -> ENGINE
    -> FROM naveen.student
    -> WHERE ENGINE = 'MyISAM';
ERROR 1146 (42S02): Table 'naveen.student' doesn't exist
mysql> SHOW TABLE STATUS FROM mysql LIKE 'student';
+---------+--------+---------+------------+------+----------------+-------------+-----------------+--------------+-----------+----------------+---------------------+---------------------+------------+--------------------+----------+----------------+---------+
| Name    | Engine | Version | Row_format | Rows | Avg_row_length | Data_length | Max_data_length | Index_length | Data_free | Auto_increment | Create_time         | Update_time         | Check_time | Collation          | Checksum | Create_options | Comment |
+---------+--------+---------+------------+------+----------------+-------------+-----------------+--------------+-----------+----------------+---------------------+---------------------+------------+--------------------+----------+----------------+---------+
| student | MyISAM |      10 | Dynamic    |    0 |              0 |           0 | 281474976710655 |         1024 |         0 |              1 | 2021-03-01 09:50:04 | 2021-03-01 09:50:04 | NULL       | utf8mb4_0900_ai_ci |     NULL |                |         |
+---------+--------+---------+------------+------+----------------+-------------+-----------------+--------------+-----------+----------------+---------------------+---------------------+------------+--------------------+----------+----------------+---------+
1 row in set (0.02 sec)

mysql> SELECT student,
    -> ENGINE
    -> FROM mysql.student
    -> WHERE ENGINE = 'MyISAM';
ERROR 1054 (42S22): Unknown column 'student' in 'field list'
mysql> SELECT student,
    -> ENGINE
    -> FROM naveen.TABLES
    -> WHERE ENGINE = 'MyISAM';
ERROR 1146 (42S02): Table 'naveen.tables' doesn't exist
mysql> SELECT student,
    -> ENGINE
    -> FROM mysql.student
    -> WHERE ENGINE = 'MyISAM';
ERROR 1054 (42S22): Unknown column 'student' in 'field list'
mysql> desc student;
+-------------+--------------+------+-----+---------+-------+
| Field       | Type         | Null | Key | Default | Extra |
+-------------+--------------+------+-----+---------+-------+
| Id          | int          | YES  |     | NULL    |       |
| StudentName | varchar(100) | YES  |     | NULL    |       |
| Sage        | int          | YES  |     | NULL    |       |
+-------------+--------------+------+-----+---------+-------+
3 rows in set (0.00 sec)

mysql> SHOW TABLE STATUS FROM mysql LIKE 'student';
+---------+--------+---------+------------+------+----------------+-------------+-----------------+--------------+-----------+----------------+---------------------+---------------------+------------+--------------------+----------+----------------+---------+
| Name    | Engine | Version | Row_format | Rows | Avg_row_length | Data_length | Max_data_length | Index_length | Data_free | Auto_increment | Create_time         | Update_time         | Check_time | Collation          | Checksum | Create_options | Comment |
+---------+--------+---------+------------+------+----------------+-------------+-----------------+--------------+-----------+----------------+---------------------+---------------------+------------+--------------------+----------+----------------+---------+
| student | MyISAM |      10 | Dynamic    |    0 |              0 |           0 | 281474976710655 |         1024 |         0 |              1 | 2021-03-01 09:50:04 | 2021-03-01 09:50:04 | NULL       | utf8mb4_0900_ai_ci |     NULL |                |         |
+---------+--------+---------+------------+------+----------------+-------------+-----------------+--------------+-----------+----------------+---------------------+---------------------+------------+--------------------+----------+----------------+---------+
1 row in set (0.01 sec)

mysql> Insert into student(ID, StudentName, Sage) VALUES ('1','naveen','25');
Query OK, 1 row affected (0.02 sec)

mysql> desc student;
+-------------+--------------+------+-----+---------+-------+
| Field       | Type         | Null | Key | Default | Extra |
+-------------+--------------+------+-----+---------+-------+
| Id          | int          | YES  |     | NULL    |       |
| StudentName | varchar(100) | YES  |     | NULL    |       |
| Sage        | int          | YES  |     | NULL    |       |
+-------------+--------------+------+-----+---------+-------+
3 rows in set (0.01 sec)

mysql> select *from student;
+------+-------------+------+
| Id   | StudentName | Sage |
+------+-------------+------+
|    1 | naveen      |   25 |
+------+-------------+------+
1 row in set (0.00 sec)

mysql> Insert into student(ID, StudentName, Sage) VALUES ('2','varun','28');
Query OK, 1 row affected (0.00 sec)

mysql> Insert into student(ID, StudentName, Sage) VALUES ('3','tanuja','22');
Query OK, 1 row affected (0.00 sec)

mysql> Insert into student(ID, StudentName, Sage) VALUES ('','sudhakar','26');
ERROR 1366 (HY000): Incorrect integer value: '' for column 'Id' at row 1
mysql> Insert into student(ID, StudentName, Sage) VALUES ('4','sudhakar','26');
Query OK, 1 row affected (0.00 sec)

mysql> Insert into student(ID, StudentName, Sage) VALUES ('5','charan','27');
Query OK, 1 row affected (0.00 sec)

mysql> SHOW TABLE STATUS FROM mysql LIKE 'student';
+---------+--------+---------+------------+------+----------------+-------------+-----------------+--------------+-----------+----------------+---------------------+---------------------+------------+--------------------+----------+----------------+---------+
| Name    | Engine | Version | Row_format | Rows | Avg_row_length | Data_length | Max_data_length | Index_length | Data_free | Auto_increment | Create_time         | Update_time         | Check_time | Collation          | Checksum | Create_options | Comment |
+---------+--------+---------+------------+------+----------------+-------------+-----------------+--------------+-----------+----------------+---------------------+---------------------+------------+--------------------+----------+----------------+---------+
| student | MyISAM |      10 | Dynamic    |    0 |              0 |           0 | 281474976710655 |         1024 |         0 |              1 | 2021-03-01 09:50:04 | 2021-03-01 09:50:04 | NULL       | utf8mb4_0900_ai_ci |     NULL |                |         |
+---------+--------+---------+------------+------+----------------+-------------+-----------------+--------------+-----------+----------------+---------------------+---------------------+------------+--------------------+----------+----------------+---------+
1 row in set (0.01 sec)

mysql> CREATE TABLE emp
    -> (
    -> Id int,
    -> ename varchar(100),
    -> eage int
    -> )ENGINE=MyISAM;
Query OK, 0 rows affected (0.06 sec)

mysql> Insert into student(Id, ename, eage) VALUES ('1','navy','21');
ERROR 1054 (42S22): Unknown column 'ename' in 'field list'
mysql> Insert into emp(Id, ename, eage) VALUES ('1','navy','21');
Query OK, 1 row affected (0.01 sec)

mysql> Insert into emp(Id, ename, eage) VALUES ('2','sudha','23');
Query OK, 1 row affected (0.00 sec)

mysql> Insert into emp(Id, ename, eage) VALUES ('3','varu','23');
Query OK, 1 row affected (0.00 sec)

mysql> Insert into emp(Id, ename, eage) VALUES ('4','aruna','28');
Query OK, 1 row affected (0.00 sec)

mysql> Insert into emp(Id, ename, eage) VALUES ('5','james','24');
Query OK, 1 row affected (0.00 sec)

mysql> select *from emp;
+------+-------+------+
| Id   | ename | eage |
+------+-------+------+
|    1 | navy  |   21 |
|    2 | sudha |   23 |
|    3 | varu  |   23 |
|    4 | aruna |   28 |
|    5 | james |   24 |
+------+-------+------+
5 rows in set (0.00 sec)

mysql> alter table emp ENGINE=InnoDB;
Query OK, 5 rows affected (0.17 sec)
Records: 5  Duplicates: 0  Warnings: 0

mysql> show create table emp;
+-------+---------------------------------------------------------------------------------------------------------------------------------------------------------------------------------+
| Table | Create Table                                                                                                                                                                    |
+-------+---------------------------------------------------------------------------------------------------------------------------------------------------------------------------------+
| emp   | CREATE TABLE `emp` (
  `Id` int DEFAULT NULL,
  `ename` varchar(100) DEFAULT NULL,
  `eage` int DEFAULT NULL
) ENGINE=InnoDB DEFAULT CHARSET=utf8mb4 COLLATE=utf8mb4_0900_ai_ci |
+-------+---------------------------------------------------------------------------------------------------------------------------------------------------------------------------------+
1 row in set (0.00 sec)

mysql> set @@default_storage_engine = 'MyISAM';
Query OK, 0 rows affected (0.00 sec)

mysql> show engines;
+--------------------+---------+----------------------------------------------------------------+--------------+------+------------+
| Engine             | Support | Comment                                                        | Transactions | XA   | Savepoints |
+--------------------+---------+----------------------------------------------------------------+--------------+------+------------+
| MEMORY             | YES     | Hash based, stored in memory, useful for temporary tables      | NO           | NO   | NO         |
| MRG_MYISAM         | YES     | Collection of identical MyISAM tables                          | NO           | NO   | NO         |
| CSV                | YES     | CSV storage engine                                             | NO           | NO   | NO         |
| FEDERATED          | NO      | Federated MySQL storage engine                                 | NULL         | NULL | NULL       |
| PERFORMANCE_SCHEMA | YES     | Performance Schema                                             | NO           | NO   | NO         |
| MyISAM             | DEFAULT | MyISAM storage engine                                          | NO           | NO   | NO         |
| InnoDB             | YES     | Supports transactions, row-level locking, and foreign keys     | YES          | YES  | YES        |
| BLACKHOLE          | YES     | /dev/null storage engine (anything you write to it disappears) | NO           | NO   | NO         |
| ARCHIVE            | YES     | Archive storage engine                                         | NO           | NO   | NO         |
+--------------------+---------+----------------------------------------------------------------+--------------+------+------------+
9 rows in set (0.00 sec)

mysql> alter table student ENGINE=InnoDB;
Query OK, 5 rows affected (0.10 sec)
Records: 5  Duplicates: 0  Warnings: 0

mysql> show create table student;
+---------+-------------------------------------------------------------------------------------------------------------------------------------------------------------------------------------------+
| Table   | Create Table                                                                                                                                                                              |
+---------+-------------------------------------------------------------------------------------------------------------------------------------------------------------------------------------------+
| student | CREATE TABLE `student` (
  `Id` int DEFAULT NULL,
  `StudentName` varchar(100) DEFAULT NULL,
  `Sage` int DEFAULT NULL
) ENGINE=InnoDB DEFAULT CHARSET=utf8mb4 COLLATE=utf8mb4_0900_ai_ci |
+---------+-------------------------------------------------------------------------------------------------------------------------------------------------------------------------------------------+
1 row in set (0.00 sec)

mysql> show table status from student;
ERROR 1049 (42000): Unknown database 'student'
mysql> show table status from mysql;
+----------------------------------------------+--------+---------+------------+------+----------------+-------------+-----------------+--------------+-----------+----------------+---------------------+---------------------+------------+--------------------+----------+---------------------------------------+-----------------------------------------+
| Name                                         | Engine | Version | Row_format | Rows | Avg_row_length | Data_length | Max_data_length | Index_length | Data_free | Auto_increment | Create_time         | Update_time         | Check_time | Collation          | Checksum | Create_options                        | Comment                                 |
+----------------------------------------------+--------+---------+------------+------+----------------+-------------+-----------------+--------------+-----------+----------------+---------------------+---------------------+------------+--------------------+----------+---------------------------------------+-----------------------------------------+
| columns_priv                                 | InnoDB |      10 | Dynamic    |    0 |              0 |       16384 |               0 |            0 |   4194304 |           NULL | 2021-01-12 19:02:20 | NULL                | NULL       | utf8_bin           |     NULL | row_format=DYNAMIC stats_persistent=0 | Column privileges                       |
| component                                    | InnoDB |      10 | Dynamic    |    0 |              0 |       16384 |               0 |            0 |   4194304 |              1 | 2021-01-12 19:02:20 | NULL                | NULL       | utf8_general_ci    |     NULL | row_format=DYNAMIC                    | Components                              |
| db                                           | InnoDB |      10 | Dynamic    |    2 |           8192 |       16384 |               0 |        16384 |   4194304 |           NULL | 2021-01-12 19:02:20 | NULL                | NULL       | utf8_bin           |     NULL | row_format=DYNAMIC stats_persistent=0 | Database privileges                     |
| default_roles                                | InnoDB |      10 | Dynamic    |    0 |              0 |       16384 |               0 |            0 |   4194304 |           NULL | 2021-01-12 19:02:20 | NULL                | NULL       | utf8_bin           |     NULL | row_format=DYNAMIC stats_persistent=0 | Default roles                           |
| emp                                          | InnoDB |      10 | Dynamic    |    5 |           3276 |       16384 |               0 |            0 |         0 |              1 | 2021-03-01 12:26:20 | NULL                | NULL       | utf8mb4_0900_ai_ci |     NULL |                                       |                                         |
| engine_cost                                  | InnoDB |      10 | Dynamic    |    2 |           8192 |       16384 |               0 |            0 |   4194304 |           NULL | 2021-01-12 19:02:20 | NULL                | NULL       | utf8_general_ci    |     NULL | row_format=DYNAMIC stats_persistent=0 |                                         |
| func                                         | InnoDB |      10 | Dynamic    |    0 |              0 |       16384 |               0 |            0 |   4194304 |           NULL | 2021-01-12 19:02:20 | NULL                | NULL       | utf8_bin           |     NULL | row_format=DYNAMIC stats_persistent=0 | User defined functions                  |
| general_log                                  | CSV    |      10 | Dynamic    |    2 |              0 |           0 |               0 |            0 |         0 |           NULL | 2021-01-12 19:02:20 | NULL                | NULL       | utf8_general_ci    |     NULL |                                       | General log                             |
| global_grants                                | InnoDB |      10 | Dynamic    |   34 |            481 |       16384 |               0 |            0 |   4194304 |           NULL | 2021-01-12 19:02:20 | NULL                | NULL       | utf8_bin           |     NULL | row_format=DYNAMIC stats_persistent=0 | Extended global grants                  |
| gtid_executed                                | InnoDB |      10 | Dynamic    |    0 |              0 |       16384 |               0 |            0 |   4194304 |           NULL | 2021-01-12 19:02:20 | NULL                | NULL       | utf8mb4_0900_ai_ci |     NULL | row_format=DYNAMIC                    |                                         |
| help_category                                | InnoDB |      10 | Dynamic    |   51 |            321 |       16384 |               0 |        16384 |   4194304 |           NULL | 2021-01-12 19:02:20 | NULL                | NULL       | utf8_general_ci    |     NULL | row_format=DYNAMIC stats_persistent=0 | help categories                         |
| help_keyword                                 | InnoDB |      10 | Dynamic    | 1015 |            112 |      114688 |               0 |       131072 |   4194304 |           NULL | 2021-01-12 19:02:20 | NULL                | NULL       | utf8_general_ci    |     NULL | row_format=DYNAMIC stats_persistent=0 | help keywords                           |
| help_relation                                | InnoDB |      10 | Dynamic    | 2150 |             38 |       81920 |               0 |            0 |   4194304 |           NULL | 2021-01-12 19:02:20 | NULL                | NULL       | utf8_general_ci    |     NULL | row_format=DYNAMIC stats_persistent=0 | keyword-topic relation                  |
| help_topic                                   | InnoDB |      10 | Dynamic    |  633 |           2510 |     1589248 |               0 |        98304 |   4194304 |           NULL | 2021-01-12 19:02:20 | NULL                | NULL       | utf8_general_ci    |     NULL | row_format=DYNAMIC stats_persistent=0 | help topics                             |
| innodb_index_stats                           | InnoDB |      10 | Dynamic    |  203 |            242 |       49152 |               0 |            0 |   4194304 |           NULL | 2021-01-12 13:32:18 | 2021-03-01 12:29:54 | NULL       | utf8_bin           |     NULL | row_format=DYNAMIC stats_persistent=0 |                                         |
| innodb_table_stats                           | InnoDB |      10 | Dynamic    |   27 |            606 |       16384 |               0 |            0 |   4194304 |           NULL | 2021-01-12 13:32:18 | 2021-03-01 12:29:54 | NULL       | utf8_bin           |     NULL | row_format=DYNAMIC stats_persistent=0 |                                         |
| password_history                             | InnoDB |      10 | Dynamic    |    0 |              0 |       16384 |               0 |            0 |   4194304 |           NULL | 2021-01-12 19:02:20 | NULL                | NULL       | utf8_bin           |     NULL | row_format=DYNAMIC stats_persistent=0 | Password history for user accounts      |
| plugin                                       | InnoDB |      10 | Dynamic    |    0 |              0 |       16384 |               0 |            0 |   4194304 |           NULL | 2021-01-12 19:02:20 | NULL                | NULL       | utf8_general_ci    |     NULL | row_format=DYNAMIC stats_persistent=0 | MySQL plugins                           |
| procs_priv                                   | InnoDB |      10 | Dynamic    |    0 |              0 |       16384 |               0 |        16384 |   4194304 |           NULL | 2021-01-12 19:02:20 | NULL                | NULL       | utf8_bin           |     NULL | row_format=DYNAMIC stats_persistent=0 | Procedure privileges                    |
| proxies_priv                                 | InnoDB |      10 | Dynamic    |    1 |          16384 |       16384 |               0 |        16384 |   4194304 |           NULL | 2021-01-12 19:02:20 | NULL                | NULL       | utf8_bin           |     NULL | row_format=DYNAMIC stats_persistent=0 | User proxy privileges                   |
| replication_asynchronous_connection_failover | InnoDB |      10 | Dynamic    |    0 |              0 |       16384 |               0 |            0 |   4194304 |           NULL | 2021-01-12 19:02:20 | NULL                | NULL       | utf8_general_ci    |     NULL | row_format=DYNAMIC stats_persistent=0 | The source configuration details        |
| role_edges                                   | InnoDB |      10 | Dynamic    |    0 |              0 |       16384 |               0 |            0 |   4194304 |           NULL | 2021-01-12 19:02:20 | NULL                | NULL       | utf8_bin           |     NULL | row_format=DYNAMIC stats_persistent=0 | Role hierarchy and role grants          |
| server_cost                                  | InnoDB |      10 | Dynamic    |    6 |           2730 |       16384 |               0 |            0 |   4194304 |           NULL | 2021-01-12 19:02:20 | NULL                | NULL       | utf8_general_ci    |     NULL | row_format=DYNAMIC stats_persistent=0 |                                         |
| servers                                      | InnoDB |      10 | Dynamic    |    0 |              0 |       16384 |               0 |            0 |   4194304 |           NULL | 2021-01-12 19:02:20 | NULL                | NULL       | utf8_general_ci    |     NULL | row_format=DYNAMIC stats_persistent=0 | MySQL Foreign Servers table             |
| slave_master_info                            | InnoDB |      10 | Dynamic    |    0 |              0 |       16384 |               0 |            0 |   4194304 |           NULL | 2021-01-12 19:02:20 | NULL                | NULL       | utf8_general_ci    |     NULL | row_format=DYNAMIC stats_persistent=0 | Master Information                      |
| slave_relay_log_info                         | InnoDB |      10 | Dynamic    |    0 |              0 |       16384 |               0 |            0 |   4194304 |           NULL | 2021-01-12 19:02:20 | NULL                | NULL       | utf8_general_ci    |     NULL | row_format=DYNAMIC stats_persistent=0 | Relay Log Information                   |
| slave_worker_info                            | InnoDB |      10 | Dynamic    |    0 |              0 |       16384 |               0 |            0 |   4194304 |           NULL | 2021-01-12 19:02:20 | NULL                | NULL       | utf8_general_ci    |     NULL | row_format=DYNAMIC stats_persistent=0 | Worker Information                      |
| slow_log                                     | CSV    |      10 | Dynamic    |    2 |              0 |           0 |               0 |            0 |         0 |           NULL | 2021-01-12 19:02:20 | NULL                | NULL       | utf8_general_ci    |     NULL |                                       | Slow log                                |
| student                                      | InnoDB |      10 | Dynamic    |    0 |              0 |           0 | 281474976710655 |         1024 |         0 |              1 | 2021-03-01 12:29:43 | 2021-03-01 09:50:04 | NULL       | utf8mb4_0900_ai_ci |     NULL |                                       |                                         |
| tables_priv                                  | InnoDB |      10 | Dynamic    |    2 |           8192 |       16384 |               0 |        16384 |   4194304 |           NULL | 2021-01-12 19:02:20 | NULL                | NULL       | utf8_bin           |     NULL | row_format=DYNAMIC stats_persistent=0 | Table privileges                        |
| time_zone                                    | InnoDB |      10 | Dynamic    |    0 |              0 |       16384 |               0 |            0 |   4194304 |              1 | 2021-01-12 19:02:20 | NULL                | NULL       | utf8_general_ci    |     NULL | row_format=DYNAMIC stats_persistent=0 | Time zones                              |
| time_zone_leap_second                        | InnoDB |      10 | Dynamic    |    0 |              0 |       16384 |               0 |            0 |   4194304 |           NULL | 2021-01-12 19:02:20 | NULL                | NULL       | utf8_general_ci    |     NULL | row_format=DYNAMIC stats_persistent=0 | Leap seconds information for time zones |
| time_zone_name                               | InnoDB |      10 | Dynamic    |    0 |              0 |       16384 |               0 |            0 |   4194304 |           NULL | 2021-01-12 19:02:20 | NULL                | NULL       | utf8_general_ci    |     NULL | row_format=DYNAMIC stats_persistent=0 | Time zone names                         |
| time_zone_transition                         | InnoDB |      10 | Dynamic    |    0 |              0 |       16384 |               0 |            0 |   4194304 |           NULL | 2021-01-12 19:02:20 | NULL                | NULL       | utf8_general_ci    |     NULL | row_format=DYNAMIC stats_persistent=0 | Time zone transitions                   |
| time_zone_transition_type                    | InnoDB |      10 | Dynamic    |    0 |              0 |       16384 |               0 |            0 |   4194304 |           NULL | 2021-01-12 19:02:20 | NULL                | NULL       | utf8_general_ci    |     NULL | row_format=DYNAMIC stats_persistent=0 | Time zone transition types              |
| user                                         | InnoDB |      10 | Dynamic    |    4 |           4096 |       16384 |               0 |            0 |   4194304 |           NULL | 2021-01-12 19:02:20 | NULL                | NULL       | utf8_bin           |     NULL | row_format=DYNAMIC stats_persistent=0 | Users and global privileges             |
+----------------------------------------------+--------+---------+------------+------+----------------+-------------+-----------------+--------------+-----------+----------------+---------------------+---------------------+------------+--------------------+----------+---------------------------------------+-----------------------------------------+
36 rows in set (0.11 sec)

mysql> show table status from emp;
ERROR 1049 (42000): Unknown database 'emp'
mysql> show table status from mysql.emp;
ERROR 1064 (42000): You have an error in your SQL syntax; check the manual that corresponds to your MySQL server version for the right syntax to use near '.emp' at line 1
mysql> use mysql;
Database changed
mysql> use emp;
ERROR 1049 (42000): Unknown database 'emp'
mysql> desc emp;
+-------+--------------+------+-----+---------+-------+
| Field | Type         | Null | Key | Default | Extra |
+-------+--------------+------+-----+---------+-------+
| Id    | int          | YES  |     | NULL    |       |
| ename | varchar(100) | YES  |     | NULL    |       |
| eage  | int          | YES  |     | NULL    |       |
+-------+--------------+------+-----+---------+-------+
3 rows in set (0.01 sec)

mysql> show table status from emp;
ERROR 1049 (42000): Unknown database 'emp'
mysql> show table status from mysql.emp;
ERROR 1064 (42000): You have an error in your SQL syntax; check the manual that corresponds to your MySQL server version for the right syntax to use near '.emp' at line 1
mysql> show table status from mysql;
+----------------------------------------------+--------+---------+------------+------+----------------+-------------+-----------------+--------------+-----------+----------------+---------------------+---------------------+------------+--------------------+----------+---------------------------------------+-----------------------------------------+
| Name                                         | Engine | Version | Row_format | Rows | Avg_row_length | Data_length | Max_data_length | Index_length | Data_free | Auto_increment | Create_time         | Update_time         | Check_time | Collation          | Checksum | Create_options                        | Comment                                 |
+----------------------------------------------+--------+---------+------------+------+----------------+-------------+-----------------+--------------+-----------+----------------+---------------------+---------------------+------------+--------------------+----------+---------------------------------------+-----------------------------------------+
| columns_priv                                 | InnoDB |      10 | Dynamic    |    0 |              0 |       16384 |               0 |            0 |   4194304 |           NULL | 2021-01-12 19:02:20 | NULL                | NULL       | utf8_bin           |     NULL | row_format=DYNAMIC stats_persistent=0 | Column privileges                       |
| component                                    | InnoDB |      10 | Dynamic    |    0 |              0 |       16384 |               0 |            0 |   4194304 |              1 | 2021-01-12 19:02:20 | NULL                | NULL       | utf8_general_ci    |     NULL | row_format=DYNAMIC                    | Components                              |
| db                                           | InnoDB |      10 | Dynamic    |    2 |           8192 |       16384 |               0 |        16384 |   4194304 |           NULL | 2021-01-12 19:02:20 | NULL                | NULL       | utf8_bin           |     NULL | row_format=DYNAMIC stats_persistent=0 | Database privileges                     |
| default_roles                                | InnoDB |      10 | Dynamic    |    0 |              0 |       16384 |               0 |            0 |   4194304 |           NULL | 2021-01-12 19:02:20 | NULL                | NULL       | utf8_bin           |     NULL | row_format=DYNAMIC stats_persistent=0 | Default roles                           |
| emp                                          | InnoDB |      10 | Dynamic    |    5 |           3276 |       16384 |               0 |            0 |         0 |              1 | 2021-03-01 12:26:20 | NULL                | NULL       | utf8mb4_0900_ai_ci |     NULL |                                       |                                         |
| engine_cost                                  | InnoDB |      10 | Dynamic    |    2 |           8192 |       16384 |               0 |            0 |   4194304 |           NULL | 2021-01-12 19:02:20 | NULL                | NULL       | utf8_general_ci    |     NULL | row_format=DYNAMIC stats_persistent=0 |                                         |
| func                                         | InnoDB |      10 | Dynamic    |    0 |              0 |       16384 |               0 |            0 |   4194304 |           NULL | 2021-01-12 19:02:20 | NULL                | NULL       | utf8_bin           |     NULL | row_format=DYNAMIC stats_persistent=0 | User defined functions                  |
| general_log                                  | CSV    |      10 | Dynamic    |    2 |              0 |           0 |               0 |            0 |         0 |           NULL | 2021-01-12 19:02:20 | NULL                | NULL       | utf8_general_ci    |     NULL |                                       | General log                             |
| global_grants                                | InnoDB |      10 | Dynamic    |   34 |            481 |       16384 |               0 |            0 |   4194304 |           NULL | 2021-01-12 19:02:20 | NULL                | NULL       | utf8_bin           |     NULL | row_format=DYNAMIC stats_persistent=0 | Extended global grants                  |
| gtid_executed                                | InnoDB |      10 | Dynamic    |    0 |              0 |       16384 |               0 |            0 |   4194304 |           NULL | 2021-01-12 19:02:20 | NULL                | NULL       | utf8mb4_0900_ai_ci |     NULL | row_format=DYNAMIC                    |                                         |
| help_category                                | InnoDB |      10 | Dynamic    |   51 |            321 |       16384 |               0 |        16384 |   4194304 |           NULL | 2021-01-12 19:02:20 | NULL                | NULL       | utf8_general_ci    |     NULL | row_format=DYNAMIC stats_persistent=0 | help categories                         |
| help_keyword                                 | InnoDB |      10 | Dynamic    | 1015 |            112 |      114688 |               0 |       131072 |   4194304 |           NULL | 2021-01-12 19:02:20 | NULL                | NULL       | utf8_general_ci    |     NULL | row_format=DYNAMIC stats_persistent=0 | help keywords                           |
| help_relation                                | InnoDB |      10 | Dynamic    | 2150 |             38 |       81920 |               0 |            0 |   4194304 |           NULL | 2021-01-12 19:02:20 | NULL                | NULL       | utf8_general_ci    |     NULL | row_format=DYNAMIC stats_persistent=0 | keyword-topic relation                  |
| help_topic                                   | InnoDB |      10 | Dynamic    |  633 |           2510 |     1589248 |               0 |        98304 |   4194304 |           NULL | 2021-01-12 19:02:20 | NULL                | NULL       | utf8_general_ci    |     NULL | row_format=DYNAMIC stats_persistent=0 | help topics                             |
| innodb_index_stats                           | InnoDB |      10 | Dynamic    |  203 |            242 |       49152 |               0 |            0 |   4194304 |           NULL | 2021-01-12 13:32:18 | 2021-03-01 12:29:54 | NULL       | utf8_bin           |     NULL | row_format=DYNAMIC stats_persistent=0 |                                         |
| innodb_table_stats                           | InnoDB |      10 | Dynamic    |   27 |            606 |       16384 |               0 |            0 |   4194304 |           NULL | 2021-01-12 13:32:18 | 2021-03-01 12:29:54 | NULL       | utf8_bin           |     NULL | row_format=DYNAMIC stats_persistent=0 |                                         |
| password_history                             | InnoDB |      10 | Dynamic    |    0 |              0 |       16384 |               0 |            0 |   4194304 |           NULL | 2021-01-12 19:02:20 | NULL                | NULL       | utf8_bin           |     NULL | row_format=DYNAMIC stats_persistent=0 | Password history for user accounts      |
| plugin                                       | InnoDB |      10 | Dynamic    |    0 |              0 |       16384 |               0 |            0 |   4194304 |           NULL | 2021-01-12 19:02:20 | NULL                | NULL       | utf8_general_ci    |     NULL | row_format=DYNAMIC stats_persistent=0 | MySQL plugins                           |
| procs_priv                                   | InnoDB |      10 | Dynamic    |    0 |              0 |       16384 |               0 |        16384 |   4194304 |           NULL | 2021-01-12 19:02:20 | NULL                | NULL       | utf8_bin           |     NULL | row_format=DYNAMIC stats_persistent=0 | Procedure privileges                    |
| proxies_priv                                 | InnoDB |      10 | Dynamic    |    1 |          16384 |       16384 |               0 |        16384 |   4194304 |           NULL | 2021-01-12 19:02:20 | NULL                | NULL       | utf8_bin           |     NULL | row_format=DYNAMIC stats_persistent=0 | User proxy privileges                   |
| replication_asynchronous_connection_failover | InnoDB |      10 | Dynamic    |    0 |              0 |       16384 |               0 |            0 |   4194304 |           NULL | 2021-01-12 19:02:20 | NULL                | NULL       | utf8_general_ci    |     NULL | row_format=DYNAMIC stats_persistent=0 | The source configuration details        |
| role_edges                                   | InnoDB |      10 | Dynamic    |    0 |              0 |       16384 |               0 |            0 |   4194304 |           NULL | 2021-01-12 19:02:20 | NULL                | NULL       | utf8_bin           |     NULL | row_format=DYNAMIC stats_persistent=0 | Role hierarchy and role grants          |
| server_cost                                  | InnoDB |      10 | Dynamic    |    6 |           2730 |       16384 |               0 |            0 |   4194304 |           NULL | 2021-01-12 19:02:20 | NULL                | NULL       | utf8_general_ci    |     NULL | row_format=DYNAMIC stats_persistent=0 |                                         |
| servers                                      | InnoDB |      10 | Dynamic    |    0 |              0 |       16384 |               0 |            0 |   4194304 |           NULL | 2021-01-12 19:02:20 | NULL                | NULL       | utf8_general_ci    |     NULL | row_format=DYNAMIC stats_persistent=0 | MySQL Foreign Servers table             |
| slave_master_info                            | InnoDB |      10 | Dynamic    |    0 |              0 |       16384 |               0 |            0 |   4194304 |           NULL | 2021-01-12 19:02:20 | NULL                | NULL       | utf8_general_ci    |     NULL | row_format=DYNAMIC stats_persistent=0 | Master Information                      |
| slave_relay_log_info                         | InnoDB |      10 | Dynamic    |    0 |              0 |       16384 |               0 |            0 |   4194304 |           NULL | 2021-01-12 19:02:20 | NULL                | NULL       | utf8_general_ci    |     NULL | row_format=DYNAMIC stats_persistent=0 | Relay Log Information                   |
| slave_worker_info                            | InnoDB |      10 | Dynamic    |    0 |              0 |       16384 |               0 |            0 |   4194304 |           NULL | 2021-01-12 19:02:20 | NULL                | NULL       | utf8_general_ci    |     NULL | row_format=DYNAMIC stats_persistent=0 | Worker Information                      |
| slow_log                                     | CSV    |      10 | Dynamic    |    2 |              0 |           0 |               0 |            0 |         0 |           NULL | 2021-01-12 19:02:20 | NULL                | NULL       | utf8_general_ci    |     NULL |                                       | Slow log                                |
| student                                      | InnoDB |      10 | Dynamic    |    0 |              0 |           0 | 281474976710655 |         1024 |         0 |              1 | 2021-03-01 12:29:43 | 2021-03-01 09:50:04 | NULL       | utf8mb4_0900_ai_ci |     NULL |                                       |                                         |
| tables_priv                                  | InnoDB |      10 | Dynamic    |    2 |           8192 |       16384 |               0 |        16384 |   4194304 |           NULL | 2021-01-12 19:02:20 | NULL                | NULL       | utf8_bin           |     NULL | row_format=DYNAMIC stats_persistent=0 | Table privileges                        |
| time_zone                                    | InnoDB |      10 | Dynamic    |    0 |              0 |       16384 |               0 |            0 |   4194304 |              1 | 2021-01-12 19:02:20 | NULL                | NULL       | utf8_general_ci    |     NULL | row_format=DYNAMIC stats_persistent=0 | Time zones                              |
| time_zone_leap_second                        | InnoDB |      10 | Dynamic    |    0 |              0 |       16384 |               0 |            0 |   4194304 |           NULL | 2021-01-12 19:02:20 | NULL                | NULL       | utf8_general_ci    |     NULL | row_format=DYNAMIC stats_persistent=0 | Leap seconds information for time zones |
| time_zone_name                               | InnoDB |      10 | Dynamic    |    0 |              0 |       16384 |               0 |            0 |   4194304 |           NULL | 2021-01-12 19:02:20 | NULL                | NULL       | utf8_general_ci    |     NULL | row_format=DYNAMIC stats_persistent=0 | Time zone names                         |
| time_zone_transition                         | InnoDB |      10 | Dynamic    |    0 |              0 |       16384 |               0 |            0 |   4194304 |           NULL | 2021-01-12 19:02:20 | NULL                | NULL       | utf8_general_ci    |     NULL | row_format=DYNAMIC stats_persistent=0 | Time zone transitions                   |
| time_zone_transition_type                    | InnoDB |      10 | Dynamic    |    0 |              0 |       16384 |               0 |            0 |   4194304 |           NULL | 2021-01-12 19:02:20 | NULL                | NULL       | utf8_general_ci    |     NULL | row_format=DYNAMIC stats_persistent=0 | Time zone transition types              |
| user                                         | InnoDB |      10 | Dynamic    |    4 |           4096 |       16384 |               0 |            0 |   4194304 |           NULL | 2021-01-12 19:02:20 | NULL                | NULL       | utf8_bin           |     NULL | row_format=DYNAMIC stats_persistent=0 | Users and global privileges             |
+----------------------------------------------+--------+---------+------------+------+----------------+-------------+-----------------+--------------+-----------+----------------+---------------------+---------------------+------------+--------------------+----------+---------------------------------------+-----------------------------------------+
36 rows in set (0.00 sec)
